[netgon.net/themeforest/elysium/index-home1.html]
[backblue.gif]
[fade.gif]
[index.html]
[netgon.net/themeforest/elysium/libs/bootstrap/css/bootstrap.css]
[netgon.net/themeforest/elysium/libs/bootstrap-slider/css/bootstrap-slider.css]
[netgon.net/themeforest/elysium/libs/font-awesome/css/font-awesome.css]
[netgon.net/themeforest/elysium/libs/magnific-popup/dist/magnific-popup.css]
[netgon.net/themeforest/elysium/style.css]
[netgon.net/themeforest/elysium/img/favicon/favicon.ico]
[netgon.net/themeforest/elysium/img/favicon/apple-touch-icon.png]
[netgon.net/themeforest/elysium/img/favicon/apple-touch-icon-57x57.png]
[netgon.net/themeforest/elysium/img/favicon/apple-touch-icon-72x72.png]
[netgon.net/themeforest/elysium/img/favicon/apple-touch-icon-76x76.png]
[netgon.net/themeforest/elysium/img/favicon/apple-touch-icon-114x114.png]
[netgon.net/themeforest/elysium/img/favicon/apple-touch-icon-120x120.png]
[netgon.net/themeforest/elysium/img/favicon/apple-touch-icon-144x144.png]
[netgon.net/themeforest/elysium/img/favicon/apple-touch-icon-152x152.png]
[netgon.net/themeforest/elysium/img/favicon/apple-touch-icon-180x180.png]
[netgon.net/themeforest/elysium/img/logotype.png]
[netgon.net/themeforest/elysium/index-home2.html]
[netgon.net/themeforest/elysium/index-home3.html]
[netgon.net/themeforest/elysium/index-home1-header2.html]
[netgon.net/themeforest/elysium/404.html]
[netgon.net/themeforest/elysium/catalog-grid.html]
[netgon.net/themeforest/elysium/catalog-grid-right-sidebar.html]
[netgon.net/themeforest/elysium/catalog-list.html]
[netgon.net/themeforest/elysium/catalog-list-right-sidebar.html]
[netgon.net/themeforest/elysium/catalog-map.html]
[netgon.net/themeforest/elysium/catalog-map-right-sidebar.html]
[netgon.net/themeforest/elysium/agents-grid.html]
[netgon.net/themeforest/elysium/agents-grid-right-sidebar.html]
[netgon.net/themeforest/elysium/agents-list.html]
[netgon.net/themeforest/elysium/agents-list-right-sidebar.html]
[netgon.net/themeforest/elysium/agent-detail-fullwidth.html]
[netgon.net/themeforest/elysium/agent-detail-right-sidebar.html]
[netgon.net/themeforest/elysium/property-detail-fullwidth.html]
[netgon.net/themeforest/elysium/property-detail-right-sidebar.html]
[netgon.net/themeforest/elysium/blog-grid-fullwidth.html]
[netgon.net/themeforest/elysium/blog-grid-right-sidebar.html]
[netgon.net/themeforest/elysium/blog-single-fullwidth.html]
[netgon.net/themeforest/elysium/blog-single-right-sidebar.html]
[netgon.net/themeforest/elysium/about.html]
[netgon.net/themeforest/elysium/contact.html]
[netgon.net/themeforest/elysium/img/slider/slide1.jpg]
[netgon.net/themeforest/elysium/img/slider/slide2.jpg]
[netgon.net/themeforest/elysium/img/slider/slide3.jpg]
[netgon.net/themeforest/elysium/img/slider/slide4.jpg]
[netgon.net/themeforest/elysium/img/slider/control-prev.png]
[netgon.net/themeforest/elysium/img/slider/control-next.png]
[netgon.net/themeforest/elysium/img/separation-header.png]
[netgon.net/themeforest/elysium/img/items/item1.jpg]
[netgon.net/themeforest/elysium/img/items/item2.jpg]
[netgon.net/themeforest/elysium/img/items/item3.jpg]
[netgon.net/themeforest/elysium/img/items/item4.jpg]
[netgon.net/themeforest/elysium/img/items/item5.jpg]
[netgon.net/themeforest/elysium/img/items/item6.jpg]
[netgon.net/themeforest/elysium/img/items/item7.jpg]
[netgon.net/themeforest/elysium/img/items/item8.jpg]
[netgon.net/themeforest/elysium/img/icons/icon-best.png]
[netgon.net/themeforest/elysium/img/icons/icon-time.png]
[netgon.net/themeforest/elysium/img/icons/icon-house.png]
[netgon.net/themeforest/elysium/img/icons/icon-agents.png]
[netgon.net/themeforest/elysium/img/separation-double-lines.png]
[netgon.net/themeforest/elysium/img/blog/post1.jpg]
[netgon.net/themeforest/elysium/img/blog/post2.jpg]
[netgon.net/themeforest/elysium/img/blog/post3.jpg]
[netgon.net/themeforest/elysium/img/separation-twitter.png]
[netgon.net/themeforest/elysium/img/logotype2.png]
[netgon.net/themeforest/elysium/img/icons/icon-submit.png]
[netgon.net/themeforest/elysium/js/modernizr.js]
[netgon.net/themeforest/elysium/js/plugins-scroll.js]
[netgon.net/themeforest/elysium/libs/jquery/jquery-1.11.2.min.js]
[netgon.net/themeforest/elysium/libs/waypoints/lib/waypoints.js]
[netgon.net/themeforest/elysium/js/jquery.counterup.js]
[netgon.net/themeforest/elysium/js/imagesloaded.pkgd.js]
[netgon.net/themeforest/elysium/libs/bootstrap/js/bootstrap.js]
[netgon.net/themeforest/elysium/libs/bootstrap-slider/bootstrap-slider.js]
[netgon.net/themeforest/elysium/js/jquery.equalheights.js]
[netgon.net/themeforest/elysium/libs/masonry-layout/dist/masonry.pkgd.js]
[netgon.net/themeforest/elysium/libs/magnific-popup/dist/jquery.magnific-popup.js]
[netgon.net/themeforest/elysium/js/common.js]
[mc.yandex.ru/metrika/watch.js]
[netgon.net/themeforest/elysium/index-home1.html]
[netgon.net/themeforest/elysium/index-home2.html]
[netgon.net/themeforest/elysium/img/icons/services/icon-money.png]
[netgon.net/themeforest/elysium/img/icons/services/icon-agents.png]
[netgon.net/themeforest/elysium/img/icons/services/icon-document.png]
[netgon.net/themeforest/elysium/img/icons/services/icon-best.png]
[netgon.net/themeforest/elysium/index-home3.html]
[netgon.net/themeforest/elysium/index-home1-header2.html]
[netgon.net/themeforest/elysium/img/icons/icon-404.png]
[netgon.net/themeforest/elysium/404.html]
[netgon.net/themeforest/elysium/blog-single-post-fullwidth.html]
[netgon.net/themeforest/elysium/catalog-grid.html]
[netgon.net/themeforest/elysium/img/blog/thumbnails/thumbnail1.jpg]
[netgon.net/themeforest/elysium/img/blog/thumbnails/thumbnail2.jpg]
[netgon.net/themeforest/elysium/img/blog/thumbnails/thumbnail3.jpg]
[netgon.net/themeforest/elysium/img/blog/thumbnails/thumbnail4.jpg]
[netgon.net/themeforest/elysium/catalog-grid-right-sidebar.html]
[netgon.net/themeforest/elysium/catalog-list.html]
[netgon.net/themeforest/elysium/catalog-list-right-sidebar.html]
[netgon.net/themeforest/elysium/catalog-map.html]
[netgon.net/themeforest/elysium/catalog-map-right-sidebar.html]
[netgon.net/themeforest/elysium/agents-grid.html]
[netgon.net/themeforest/elysium/agents-grid-right-sidebar.html]
[netgon.net/themeforest/elysium/agents-list.html]
[netgon.net/themeforest/elysium/agents-list-right-sidebar.html]
[netgon.net/themeforest/elysium/agent-detail-fullwidth.html]
[netgon.net/themeforest/elysium/agent-detail-right-sidebar.html]
[netgon.net/themeforest/elysium/img/items/item1/fullwidth1.jpg]
[netgon.net/themeforest/elysium/img/items/item1/thumbnail1.jpg]
[netgon.net/themeforest/elysium/img/items/item1/fullwidth2.jpg]
[netgon.net/themeforest/elysium/img/items/item1/thumbnail2.jpg]
[netgon.net/themeforest/elysium/img/items/item1/fullwidth3.jpg]
[netgon.net/themeforest/elysium/img/items/item1/thumbnail3.jpg]
[netgon.net/themeforest/elysium/property-detail-fullwidth.html]
[netgon.net/themeforest/elysium/property-detail-right-sidebar.html]
[netgon.net/themeforest/elysium/img/blog/post5.jpg]
[netgon.net/themeforest/elysium/img/blog/post10.jpg]
[netgon.net/themeforest/elysium/blog-grid-fullwidth.html]
[netgon.net/themeforest/elysium/img/blog/post11.jpg]
[netgon.net/themeforest/elysium/img/blog/users/avatar1.jpg]
[netgon.net/themeforest/elysium/img/blog/users/avatar2.jpg]
[netgon.net/themeforest/elysium/img/blog/users/avatar3.jpg]
[netgon.net/themeforest/elysium/img/blog/users/avatar4.jpg]
[netgon.net/themeforest/elysium/img/blog/posts/post-fullwidth1.jpg]
[netgon.net/themeforest/elysium/img/blog/posts/post-fullwidth2.jpg]
[netgon.net/themeforest/elysium/img/blog/posts/post-fullwidth4.jpg]
[netgon.net/themeforest/elysium/blog-grid-right-sidebar.html]
[netgon.net/themeforest/elysium/img/blog/posts/post1/image1.jpg]
[netgon.net/themeforest/elysium/img/blog/posts/post1/image2-fullwidth.jpg]
[netgon.net/themeforest/elysium/img/blog/posts/post1/image2.jpg]
[netgon.net/themeforest/elysium/img/blog/posts/post1/image3-fullwidth.jpg]
[netgon.net/themeforest/elysium/img/blog/posts/post1/image3.jpg]
[netgon.net/themeforest/elysium/img/blog/posts/post1/image4-fullwidth.jpg]
[netgon.net/themeforest/elysium/img/blog/posts/post1/image4.jpg]
[netgon.net/themeforest/elysium/img/blog/authors/avatar1.jpg]
[netgon.net/themeforest/elysium/blog-single-fullwidth.html]
[netgon.net/themeforest/elysium/blog-single-right-sidebar.html]
[netgon.net/themeforest/elysium/about.html]
[netgon.net/themeforest/elysium/contact.html]
[netgon.net/themeforest/elysium/blog-single-post-fullwidth.html]
[netgon.net/themeforest/elysium/libs/bootstrap/fonts/glyphicons-halflings-regular.eot]
[netgon.net/themeforest/elysium/libs/bootstrap/fonts/glyphicons-halflings-regular.woff]
[netgon.net/themeforest/elysium/libs/bootstrap/fonts/glyphicons-halflings-regular.woff2]
[netgon.net/themeforest/elysium/libs/bootstrap/fonts/glyphicons-halflings-regular.ttf]
[netgon.net/themeforest/elysium/libs/bootstrap/css/bootstrap.css]
[netgon.net/themeforest/elysium/libs/bootstrap/fonts/glyphicons-halflings-regular.svg]
[netgon.net/themeforest/elysium/libs/bootstrap-slider/css/bootstrap-slider.css]
[netgon.net/themeforest/elysium/libs/font-awesome/fonts/fontawesome-webfont3295.eot]
[netgon.net/themeforest/elysium/libs/font-awesome/fonts/fontawesome-webfontd41d.eot]
[netgon.net/themeforest/elysium/libs/font-awesome/fonts/fontawesome-webfont3295.woff2]
[netgon.net/themeforest/elysium/libs/font-awesome/fonts/fontawesome-webfont3295.woff]
[netgon.net/themeforest/elysium/libs/font-awesome/fonts/fontawesome-webfont3295.ttf]
[netgon.net/themeforest/elysium/libs/font-awesome/css/font-awesome.css]
[netgon.net/themeforest/elysium/libs/font-awesome/fonts/fontawesome-webfont3295.svg]
[netgon.net/themeforest/elysium/libs/magnific-popup/dist/magnific-popup.css]
[netgon.net/themeforest/elysium/img/bg1.jpg]
[netgon.net/themeforest/elysium/img/banners/banner1.jpg]
[netgon.net/themeforest/elysium/img/banners/banner2.jpg]
[netgon.net/themeforest/elysium/img/icons/icon-view.png]
[netgon.net/themeforest/elysium/img/icons/icon-area.png]
[netgon.net/themeforest/elysium/img/icons/icon-bedroom.png]
[netgon.net/themeforest/elysium/img/icons/icon-baths.png]
[netgon.net/themeforest/elysium/img/bg2.jpg]
[netgon.net/themeforest/elysium/img/agents/agent1.jpg]
[netgon.net/themeforest/elysium/img/agents/agent2.jpg]
[mc.yandex.ru/metrika/watch.js]
[netgon.net/themeforest/elysium/img/agents/agent3.jpg]
[netgon.net/themeforest/elysium/img/agents/agent4.jpg]
[netgon.net/themeforest/elysium/img/icons/icon-comments.png]
[netgon.net/themeforest/elysium/img/icons/icon-comments-big.png]
[netgon.net/themeforest/elysium/img/about-img.jpg]
[netgon.net/themeforest/elysium/img/icons/icon-readmore.png]
[netgon.net/themeforest/elysium/style.css]
[netgon.net/themeforest/elysium/libs/bootstrap/fonts/glyphicons-halflings-regulard41d.eot]
[netgon.net/themeforest/elysium/libs/bootstrap/fonts/glyphicons-halflings-regular.svg]
[netgon.net/themeforest/elysium/libs/font-awesome/fonts/fontawesome-webfont3295.svg]
